=================================================================
==97598==ERROR: AddressSanitizer: attempting double-free on 0x7d5b2d1e0080 in thread T3:
/usr/include/c++/16/bits/hashtable.h:2263:28: runtime error: member access within null pointer of type 'struct __node_type'
AddressSanitizer:DEADLYSIGNAL
    #0 0x7f6b2f12e421 in operator delete(void*, unsigned long) (/usr/lib/libasan.so.8+0x12e421) (BuildId: b28f87d70f4aadfdfe6abce3776c226f5569bd6a)
    #1 0x55da1e1f947c in std::__new_allocator<server::TimerEvent>::deallocate(server::TimerEvent*, unsigned long) /usr/include/c++/16/bits/new_allocator.h:183
    #2 0x55da1e1f7d3b in std::allocator<server::TimerEvent>::deallocate(server::TimerEvent*, unsigned long) /usr/include/c++/16/bits/allocator.h:218
    #3 0x55da1e1f7d3b in std::allocator_traits<std::allocator<server::TimerEvent> >::deallocate(std::allocator<server::TimerEvent>&, server::TimerEvent*, unsigned long) /usr/include/c++/16/bits/alloc_traits.h:689
    #4 0x55da1e1f7d3b in std::_Vector_base<server::TimerEvent, std::allocator<server::TimerEvent> >::_M_deallocate(server::TimerEvent*, unsigned long) /usr/include/c++/16/bits/stl_vector.h:398
    #5 0x55da1e2486f5 in std::vector<server::TimerEvent, std::allocator<server::TimerEvent> >::_Guard_alloc::~_Guard_alloc() /usr/include/c++/16/bits/stl_vector.h:1873
    #6 0x55da1e2432d9 in void std::vector<server::TimerEvent, std::allocator<server::TimerEvent> >::_M_realloc_append<server::TimerEvent>(server::TimerEvent&&) /usr/include/c++/16/bits/vector.tcc:649
    #7 0x55da1e23e7c3 in server::TimerEvent& std::vector<server::TimerEvent, std::allocator<server::TimerEvent> >::emplace_back<server::TimerEvent>(server::TimerEvent&&) /usr/include/c++/16/bits/vector.tcc:127
    #8 0x55da1e23b50a in std::vector<server::TimerEvent, std::allocator<server::TimerEvent> >::push_back(server::TimerEvent&&) /usr/include/c++/16/bits/stl_vector.h:1424
    #9 0x55da1e23a23f in std::priority_queue<server::TimerEvent, std::vector<server::TimerEvent, std::allocator<server::TimerEvent> >, std::greater<server::TimerEvent> >::push(server::TimerEvent&&) /usr/include/c++/16/bits/stl_queue.h:853
    #10 0x55da1e237dca in server::TimerManager::add_timer(int, std::chrono::duration<long, std::ratio<1l, 1000l> >) /data/Projects/http-server/src/server/TimerManager.cpp:11
    #11 0x55da1e20e66f in server::Connection::reset_timer() /data/Projects/http-server/src/server/Connection.cpp:30
    #12 0x55da1e212142 in server::Connection::handle_write() /data/Projects/http-server/src/server/Connection.cpp:142
    #13 0x55da1e211f14 in server::Connection::send_data(std::basic_string_view<char, std::char_traits<char> >) /data/Projects/http-server/src/server/Connection.cpp:138
    #14 0x55da1e2110bc in server::Connection::process_request() /data/Projects/http-server/src/server/Connection.cpp:122
    #15 0x55da1e20e7e9 in operator() /data/Projects/http-server/src/server/Connection.cpp:66
    #16 0x55da1e215d6f in __invoke_impl<void, server::Connection::handle_read()::<lambda()>&> /usr/include/c++/16/bits/invoke.h:63
    #17 0x55da1e2155bd in __invoke_r<void, server::Connection::handle_read()::<lambda()>&> /usr/include/c++/16/bits/invoke.h:113
    #18 0x55da1e214fda in _M_invoke /usr/include/c++/16/bits/std_function.h:295
    #19 0x55da1e251736 in std::function<void ()>::operator()() const /usr/include/c++/16/bits/std_function.h:581
    #20 0x55da1e24d2ca in concurrency::ThreadPool::worker_loop() /data/Projects/http-server/src/concurrency/ThreadPool.cpp:59
    #21 0x55da1e24b981 in operator() /data/Projects/http-server/src/concurrency/ThreadPool.cpp:8
    #22 0x55da1e24f30a in __invoke_impl<void, concurrency::ThreadPool::ThreadPool(size_t)::<lambda()> > /usr/include/c++/16/bits/invoke.h:63
    #23 0x55da1e24f257 in __invoke<concurrency::ThreadPool::ThreadPool(size_t)::<lambda()> > /usr/include/c++/16/bits/invoke.h:98
    #24 0x55da1e24f0f4 in _M_invoke<0> /usr/include/c++/16/bits/std_thread.h:303
    #25 0x55da1e24f005 in operator() /usr/include/c++/16/bits/std_thread.h:310
    #26 0x55da1e24efbd in _M_run /usr/include/c++/16/bits/std_thread.h:255
    #27 0x7f6b2ecea658  (/usr/lib/libstdc++.so.6+0xea658) (BuildId: c0f34640cbe9a2106d7dac2bb006724933a52e56)
    #28 0x7f6b2f061858  (/usr/lib/libasan.so.8+0x61858) (BuildId: b28f87d70f4aadfdfe6abce3776c226f5569bd6a)
    #29 0x7f6b2e097738  (/usr/lib/libc.so.6+0x97738) (BuildId: d8ceb52a8c6e1fefece4ca75f7396d1d5bffc565)
    #30 0x7f6b2e11bedb  (/usr/lib/libc.so.6+0x11bedb) (BuildId: d8ceb52a8c6e1fefece4ca75f7396d1d5bffc565)

0x7d5b2d1e0080 is located 0 bytes inside of 3072-byte region [0x7d5b2d1e0080,0x7d5b2d1e0c80)
freed by thread T2 here:
    #0 0x7f6b2f12e421 in operator delete(void*, unsigned long) (/usr/lib/libasan.so.8+0x12e421) (BuildId: b28f87d70f4aadfdfe6abce3776c226f5569bd6a)
    #1 0x55da1e1f947c in std::__new_allocator<server::TimerEvent>::deallocate(server::TimerEvent*, unsigned long) /usr/include/c++/16/bits/new_allocator.h:183
    #2 0x55da1e1f7d3b in std::allocator<server::TimerEvent>::deallocate(server::TimerEvent*, unsigned long) /usr/include/c++/16/bits/allocator.h:218
    #3 0x55da1e1f7d3b in std::allocator_traits<std::allocator<server::TimerEvent> >::deallocate(std::allocator<server::TimerEvent>&, server::TimerEvent*, unsigned long) /usr/include/c++/16/bits/alloc_traits.h:689
    #4 0x55da1e1f7d3b in std::_Vector_base<server::TimerEvent, std::allocator<server::TimerEvent> >::_M_deallocate(server::TimerEvent*, unsigned long) /usr/include/c++/16/bits/stl_vector.h:398
    #5 0x55da1e2486f5 in std::vector<server::TimerEvent, std::allocator<server::TimerEvent> >::_Guard_alloc::~_Guard_alloc() /usr/include/c++/16/bits/stl_vector.h:1873
    #6 0x55da1e2432d9 in void std::vector<server::TimerEvent, std::allocator<server::TimerEvent> >::_M_realloc_append<server::TimerEvent>(server::TimerEvent&&) /usr/include/c++/16/bits/vector.tcc:649
    #7 0x55da1e23e7c3 in server::TimerEvent& std::vector<server::TimerEvent, std::allocator<server::TimerEvent> >::emplace_back<server::TimerEvent>(server::TimerEvent&&) /usr/include/c++/16/bits/vector.tcc:127
    #8 0x55da1e23b50a in std::vector<server::TimerEvent, std::allocator<server::TimerEvent> >::push_back(server::TimerEvent&&) /usr/include/c++/16/bits/stl_vector.h:1424
    #9 0x55da1e23a23f in std::priority_queue<server::TimerEvent, std::vector<server::TimerEvent, std::allocator<server::TimerEvent> >, std::greater<server::TimerEvent> >::push(server::TimerEvent&&) /usr/include/c++/16/bits/stl_queue.h:853
    #10 0x55da1e237dca in server::TimerManager::add_timer(int, std::chrono::duration<long, std::ratio<1l, 1000l> >) /data/Projects/http-server/src/server/TimerManager.cpp:11
    #11 0x55da1e20e66f in server::Connection::reset_timer() /data/Projects/http-server/src/server/Connection.cpp:30
    #12 0x55da1e212142 in server::Connection::handle_write() /data/Projects/http-server/src/server/Connection.cpp:142
    #13 0x55da1e211f14 in server::Connection::send_data(std::basic_string_view<char, std::char_traits<char> >) /data/Projects/http-server/src/server/Connection.cpp:138
    #14 0x55da1e2110bc in server::Connection::process_request() /data/Projects/http-server/src/server/Connection.cpp:122
    #15 0x55da1e20e7e9 in operator() /data/Projects/http-server/src/server/Connection.cpp:66
    #16 0x55da1e215d6f in __invoke_impl<void, server::Connection::handle_read()::<lambda()>&> /usr/include/c++/16/bits/invoke.h:63
    #17 0x55da1e2155bd in __invoke_r<void, server::Connection::handle_read()::<lambda()>&> /usr/include/c++/16/bits/invoke.h:113
    #18 0x55da1e214fda in _M_invoke /usr/include/c++/16/bits/std_function.h:295
    #19 0x55da1e251736 in std::function<void ()>::operator()() const /usr/include/c++/16/bits/std_function.h:581
    #20 0x55da1e24d2ca in concurrency::ThreadPool::worker_loop() /data/Projects/http-server/src/concurrency/ThreadPool.cpp:59
    #21 0x55da1e24b981 in operator() /data/Projects/http-server/src/concurrency/ThreadPool.cpp:8
    #22 0x55da1e24f30a in __invoke_impl<void, concurrency::ThreadPool::ThreadPool(size_t)::<lambda()> > /usr/include/c++/16/bits/invoke.h:63
    #23 0x55da1e24f257 in __invoke<concurrency::ThreadPool::ThreadPool(size_t)::<lambda()> > /usr/include/c++/16/bits/invoke.h:98
    #24 0x55da1e24f0f4 in _M_invoke<0> /usr/include/c++/16/bits/std_thread.h:303
    #25 0x55da1e24f005 in operator() /usr/include/c++/16/bits/std_thread.h:310
    #26 0x55da1e24efbd in _M_run /usr/include/c++/16/bits/std_thread.h:255
    #27 0x7f6b2ecea658  (/usr/lib/libstdc++.so.6+0xea658) (BuildId: c0f34640cbe9a2106d7dac2bb006724933a52e56)
    #28 0x7f6b2f061858  (/usr/lib/libasan.so.8+0x61858) (BuildId: b28f87d70f4aadfdfe6abce3776c226f5569bd6a)
    #29 0x7f6b2e097738  (/usr/lib/libc.so.6+0x97738) (BuildId: d8ceb52a8c6e1fefece4ca75f7396d1d5bffc565)

previously allocated by thread T0 here:
    #0 0x7f6b2f12d2a1 in operator new(unsigned long) (/usr/lib/libasan.so.8+0x12d2a1) (BuildId: b28f87d70f4aadfdfe6abce3776c226f5569bd6a)
    #1 0x55da1e24a01b in std::__new_allocator<server::TimerEvent>::allocate(unsigned long, void const*) /usr/include/c++/16/bits/new_allocator.h:162
    #2 0x55da1e248366 in std::allocator<server::TimerEvent>::allocate(unsigned long) /usr/include/c++/16/bits/allocator.h:206
    #3 0x55da1e248366 in std::allocator_traits<std::allocator<server::TimerEvent> >::allocate(std::allocator<server::TimerEvent>&, unsigned long) /usr/include/c++/16/bits/alloc_traits.h:638
    #4 0x55da1e248366 in std::_Vector_base<server::TimerEvent, std::allocator<server::TimerEvent> >::_M_allocate(unsigned long) /usr/include/c++/16/bits/stl_vector.h:389
    #5 0x55da1e242dda in void std::vector<server::TimerEvent, std::allocator<server::TimerEvent> >::_M_realloc_append<server::TimerEvent>(server::TimerEvent&&) /usr/include/c++/16/bits/vector.tcc:580
    #6 0x55da1e23e7c3 in server::TimerEvent& std::vector<server::TimerEvent, std::allocator<server::TimerEvent> >::emplace_back<server::TimerEvent>(server::TimerEvent&&) /usr/include/c++/16/bits/vector.tcc:127
    #7 0x55da1e23b50a in std::vector<server::TimerEvent, std::allocator<server::TimerEvent> >::push_back(server::TimerEvent&&) /usr/include/c++/16/bits/stl_vector.h:1424
    #8 0x55da1e23a23f in std::priority_queue<server::TimerEvent, std::vector<server::TimerEvent, std::allocator<server::TimerEvent> >, std::greater<server::TimerEvent> >::push(server::TimerEvent&&) /usr/include/c++/16/bits/stl_queue.h:853
    #9 0x55da1e237dca in server::TimerManager::add_timer(int, std::chrono::duration<long, std::ratio<1l, 1000l> >) /data/Projects/http-server/src/server/TimerManager.cpp:11
    #10 0x55da1e20e66f in server::Connection::reset_timer() /data/Projects/http-server/src/server/Connection.cpp:30
    #11 0x55da1e20dcca in server::Connection::Connection(network::Socket, network::Epoll&, routing::Router const&, server::ConnectionManager&, concurrency::ThreadPool&, server::TimerManager&) /data/Projects/http-server/src/server/Connection.cpp:12
    #12 0x55da1e22fecb in std::__detail::_MakeUniq<server::Connection>::__single_object std::make_unique<server::Connection, network::Socket, network::Epoll&, routing::Router const&, server::ConnectionManager&, concurrency::ThreadPool&, server::TimerManager&>(network::Socket&&, network::Epoll&, routing::Router const&, server::ConnectionManager&, concurrency::ThreadPool&, server::TimerManager&) /usr/include/c++/16/bits/unique_ptr.h:1105
    #13 0x55da1e22de71 in server::ConnectionManager::add_connection(network::Socket) /data/Projects/http-server/src/server/ConnectionManager.cpp:15
    #14 0x55da1e209a9a in server::EventLoop::handle_new_connections() /data/Projects/http-server/src/server/EventLoop.cpp:65
    #15 0x55da1e208e3f in server::EventLoop::run() /data/Projects/http-server/src/server/EventLoop.cpp:29
    #16 0x55da1e1f0b70 in main /data/Projects/http-server/src/main.cpp:48
    #17 0x7f6b2e027740  (/usr/lib/libc.so.6+0x27740) (BuildId: d8ceb52a8c6e1fefece4ca75f7396d1d5bffc565)
    #18 0x7f6b2e027878 in __libc_start_main (/usr/lib/libc.so.6+0x27878) (BuildId: d8ceb52a8c6e1fefece4ca75f7396d1d5bffc565)
    #19 0x55da1e1ef904 in _start (/data/Projects/http-server/build/http_server+0x136904) (BuildId: f0080cf3d08d7e9c93186699fb31e474f444e096)

Thread T3 created by T0 here:
    #0 0x7f6b2f1226f4 in pthread_create (/usr/lib/libasan.so.8+0x1226f4) (BuildId: b28f87d70f4aadfdfe6abce3776c226f5569bd6a)
    #1 0x7f6b2ecea761 in std::thread::_M_start_thread(std::unique_ptr<std::thread::_State, std::default_delete<std::thread::_State> >, void (*)()) (/usr/lib/libstdc++.so.6+0xea761) (BuildId: c0f34640cbe9a2106d7dac2bb006724933a52e56)
    #2 0x55da1e24e6dd in thread<concurrency::ThreadPool::ThreadPool(size_t)::<lambda()> > /usr/include/c++/16/bits/std_thread.h:175
    #3 0x55da1e24e477 in construct_at<std::thread, concurrency::ThreadPool::ThreadPool(size_t)::<lambda()> > /usr/include/c++/16/bits/stl_construct.h:110
    #4 0x55da1e24df37 in construct<std::thread, concurrency::ThreadPool::ThreadPool(size_t)::<lambda()> > /usr/include/c++/16/bits/alloc_traits.h:716
    #5 0x55da1e24df37 in _M_realloc_append<concurrency::ThreadPool::ThreadPool(size_t)::<lambda()> > /usr/include/c++/16/bits/vector.tcc:594
    #6 0x55da1e24d7d5 in emplace_back<concurrency::ThreadPool::ThreadPool(size_t)::<lambda()> > /usr/include/c++/16/bits/vector.tcc:127
    #7 0x55da1e24bd94 in concurrency::ThreadPool::ThreadPool(unsigned long) /data/Projects/http-server/src/concurrency/ThreadPool.cpp:7
    #8 0x55da1e207fe6 in server::EventLoop::EventLoop(server::Listener&, routing::Router const&, config::ServerConfig const&) /data/Projects/http-server/src/server/EventLoop.cpp:8
    #9 0x55da1e1f0b53 in main /data/Projects/http-server/src/main.cpp:45
    #10 0x7f6b2e027740  (/usr/lib/libc.so.6+0x27740) (BuildId: d8ceb52a8c6e1fefece4ca75f7396d1d5bffc565)
    #11 0x7f6b2e027878 in __libc_start_main (/usr/lib/libc.so.6+0x27878) (BuildId: d8ceb52a8c6e1fefece4ca75f7396d1d5bffc565)
    #12 0x55da1e1ef904 in _start (/data/Projects/http-server/build/http_server+0x136904) (BuildId: f0080cf3d08d7e9c93186699fb31e474f444e096)

Thread T2 created by T0 here:
    #0 0x7f6b2f1226f4 in pthread_create (/usr/lib/libasan.so.8+0x1226f4) (BuildId: b28f87d70f4aadfdfe6abce3776c226f5569bd6a)
    #1 0x7f6b2ecea761 in std::thread::_M_start_thread(std::unique_ptr<std::thread::_State, std::default_delete<std::thread::_State> >, void (*)()) (/usr/lib/libstdc++.so.6+0xea761) (BuildId: c0f34640cbe9a2106d7dac2bb006724933a52e56)
    #2 0x55da1e24e6dd in thread<concurrency::ThreadPool::ThreadPool(size_t)::<lambda()> > /usr/include/c++/16/bits/std_thread.h:175
    #3 0x55da1e24e477 in construct_at<std::thread, concurrency::ThreadPool::ThreadPool(size_t)::<lambda()> > /usr/include/c++/16/bits/stl_construct.h:110
    #4 0x55da1e24df37 in construct<std::thread, concurrency::ThreadPool::ThreadPool(size_t)::<lambda()> > /usr/include/c++/16/bits/alloc_traits.h:716
    #5 0x55da1e24df37 in _M_realloc_append<concurrency::ThreadPool::ThreadPool(size_t)::<lambda()> > /usr/include/c++/16/bits/vector.tcc:594
    #6 0x55da1e24d7d5 in emplace_back<concurrency::ThreadPool::ThreadPool(size_t)::<lambda()> > /usr/include/c++/16/bits/vector.tcc:127
    #7 0x55da1e24bd94 in concurrency::ThreadPool::ThreadPool(unsigned long) /data/Projects/http-server/src/concurrency/ThreadPool.cpp:7
    #8 0x55da1e207fe6 in server::EventLoop::EventLoop(server::Listener&, routing::Router const&, config::ServerConfig const&) /data/Projects/http-server/src/server/EventLoop.cpp:8
    #9 0x55da1e1f0b53 in main /data/Projects/http-server/src/main.cpp:45
    #10 0x7f6b2e027740  (/usr/lib/libc.so.6+0x27740) (BuildId: d8ceb52a8c6e1fefece4ca75f7396d1d5bffc565)
    #11 0x7f6b2e027878 in __libc_start_main (/usr/lib/libc.so.6+0x27878) (BuildId: d8ceb52a8c6e1fefece4ca75f7396d1d5bffc565)
    #12 0x55da1e1ef904 in _start (/data/Projects/http-server/build/http_server+0x136904) (BuildId: f0080cf3d08d7e9c93186699fb31e474f444e096)

SUMMARY: AddressSanitizer: double-free /data/Projects/http-server/src/server/TimerManager.cpp:11 in server::TimerManager::add_timer(int, std::chrono::duration<long, std::ratio<1l, 1000l> >)
==97598==ABORTING
